2026-09-03 21:56:35,155 - __main__ - INFO - 🔧 Process pool worker 0 started
2026-09-03 21:56:35,156 - __main__ - INFO - 🔧 Process pool worker 1 started
2026-09-03 21:56:35,156 - __main__ - INFO - 🔧 Process pool worker 2 started
2026-09-03 21:56:35,156 - __main__ - INFO - 🔧 Process pool worker 3 started
2026-09-03 21:56:35,290 - __main__ - INFO - [38;5;46m[1m╭─────────────────────────────────────────────────────────────────────────────╮[0m
2026-09-03 21:56:35,291 - __main__ - INFO - [1m│[0m [38;5;51m🚀 Starting HexStrike AI Tools API Server[0m
2026-09-03 21:56:35,291 - __main__ - INFO - [1m├─────────────────────────────────────────────────────────────────────────────┤[0m
2026-09-03 21:56:35,291 - __main__ - INFO - [1m│[0m [38;5;208m🌐 Port:[0m 8888
2026-09-03 21:56:35,291 - __main__ - INFO - [1m│[0m [38;5;208m🔧 Debug Mode:[0m False
2026-09-03 21:56:35,291 - __main__ - INFO - [1m│[0m [38;5;129m💾 Cache Size:[0m 1000 | TTL: 3600s
2026-09-03 21:56:35,292 - __main__ - INFO - [1m│[0m [38;5;240m⏱️  Command Timeout:[0m 300s
2026-09-03 21:56:35,292 - __main__ - INFO - [1m│[0m [38;5;46m✨ Enhanced Visual Engine:[0m Active
2026-09-03 21:56:35,292 - __main__ - INFO - [38;5;46m[1m╰─────────────────────────────────────────────────────────────────────────────╯[0m
2026-09-03 21:56:35,316 - werkzeug - INFO - [31m[1mWARNING: This is a development server. Do not use it in a production deployment. Use a production WSGI server instead.[0m
 * Running on all addresses (0.0.0.0)
 * Running on http://127.0.0.1:8888
 * Running on http://10.151.94.37:8888
2026-09-03 21:56:35,316 - werkzeug - INFO - [33mPress CTRL+C to quit[0m
2026-09-05 18:18:39,372 - __main__ - INFO - 🔧 Process pool worker 0 started
2026-09-05 18:18:39,372 - __main__ - INFO - 🔧 Process pool worker 1 started
2026-09-05 18:18:39,373 - __main__ - INFO - 🔧 Process pool worker 2 started
2026-09-05 18:18:39,374 - __main__ - INFO - 🔧 Process pool worker 3 started
2026-09-05 18:18:39,543 - __main__ - INFO - [38;5;46m[1m╭─────────────────────────────────────────────────────────────────────────────╮[0m
2026-09-05 18:18:39,544 - __main__ - INFO - [1m│[0m [38;5;51m🚀 Starting HexStrike AI Tools API Server[0m
2026-09-05 18:18:39,544 - __main__ - INFO - [1m├─────────────────────────────────────────────────────────────────────────────┤[0m
2026-09-05 18:18:39,544 - __main__ - INFO - [1m│[0m [38;5;208m🌐 Port:[0m 8888
2026-09-05 18:18:39,544 - __main__ - INFO - [1m│[0m [38;5;208m🔧 Debug Mode:[0m False
2026-09-05 18:18:39,545 - __main__ - INFO - [1m│[0m [38;5;129m💾 Cache Size:[0m 1000 | TTL: 3600s
2026-09-05 18:18:39,545 - __main__ - INFO - [1m│[0m [38;5;240m⏱️  Command Timeout:[0m 300s
2026-09-05 18:18:39,545 - __main__ - INFO - [1m│[0m [38;5;46m✨ Enhanced Visual Engine:[0m Active
2026-09-05 18:18:39,545 - __main__ - INFO - [38;5;46m[1m╰─────────────────────────────────────────────────────────────────────────────╯[0m
2026-09-05 18:18:39,734 - werkzeug - INFO - [31m[1mWARNING: This is a development server. Do not use it in a production deployment. Use a production WSGI server instead.[0m
 * Running on all addresses (0.0.0.0)
 * Running on http://127.0.0.1:8888
 * Running on http://192.168.1.101:8888
2026-09-05 18:18:39,738 - werkzeug - INFO - [33mPress CTRL+C to quit[0m
2026-09-06 22:11:10,770 - __main__ - INFO - 🔧 Process pool worker 0 started
2026-09-06 22:11:10,771 - __main__ - INFO - 🔧 Process pool worker 1 started
2026-09-06 22:11:10,771 - __main__ - INFO - 🔧 Process pool worker 2 started
2026-09-06 22:11:10,772 - __main__ - INFO - 🔧 Process pool worker 3 started
2026-09-06 22:11:11,017 - __main__ - INFO - [38;5;46m[1m╭─────────────────────────────────────────────────────────────────────────────╮[0m
2026-09-06 22:11:11,018 - __main__ - INFO - [1m│[0m [38;5;51m🚀 Starting HexStrike AI Tools API Server[0m
2026-09-06 22:11:11,018 - __main__ - INFO - [1m├─────────────────────────────────────────────────────────────────────────────┤[0m
2026-09-06 22:11:11,018 - __main__ - INFO - [1m│[0m [38;5;208m🌐 Port:[0m 8888
2026-09-06 22:11:11,018 - __main__ - INFO - [1m│[0m [38;5;208m🔧 Debug Mode:[0m False
2026-09-06 22:11:11,018 - __main__ - INFO - [1m│[0m [38;5;129m💾 Cache Size:[0m 1000 | TTL: 3600s
2026-09-06 22:11:11,018 - __main__ - INFO - [1m│[0m [38;5;240m⏱️  Command Timeout:[0m 300s
2026-09-06 22:11:11,018 - __main__ - INFO - [1m│[0m [38;5;46m✨ Enhanced Visual Engine:[0m Active
2026-09-06 22:11:11,019 - __main__ - INFO - [38;5;46m[1m╰─────────────────────────────────────────────────────────────────────────────╯[0m
2026-09-06 22:11:11,067 - werkzeug - INFO - [31m[1mWARNING: This is a development server. Do not use it in a production deployment. Use a production WSGI server instead.[0m
 * Running on all addresses (0.0.0.0)
 * Running on http://127.0.0.1:8888
 * Running on http://192.168.1.101:8888
2026-09-06 22:11:11,067 - werkzeug - INFO - [33mPress CTRL+C to quit[0m
